[     159ms] [INFO] %cDownload the React DevTools for a better development experience: https://react.dev/link/react-devtools font-weight:bold @ http://localhost:3000/_next/static/chunks/21e7c_next_dist_c4f094b8._.js:2297
[     230ms] [LOG] [HMR] connected @ http://localhost:3000/_next/static/chunks/21e7c_next_dist_c4f094b8._.js:2297
[     237ms] [LOG] [PostHog.js] set_config {config: Object, oldConfig: Object, newConfig: Object} @ http://localhost:3000/_next/static/chunks/21e7c_next_dist_c4f094b8._.js:2297
[     238ms] [LOG] [PostHog.js] Persistence loaded localStorage+cookie {} @ http://localhost:3000/_next/static/chunks/21e7c_next_dist_c4f094b8._.js:2297
[     238ms] [LOG] [PostHog.js] Persistence loaded sessionStorage {} @ http://localhost:3000/_next/static/chunks/21e7c_next_dist_c4f094b8._.js:2297
[     238ms] [LOG] [PostHog.js] Initializing extensions synchronously @ http://localhost:3000/_next/static/chunks/21e7c_next_dist_c4f094b8._.js:2297
[     239ms] [LOG] [PostHog.js] [ExceptionAutocapture] enabled @ http://localhost:3000/_next/static/chunks/21e7c_next_dist_c4f094b8._.js:2297
[     239ms] [LOG] [PostHog.js] History API monitoring enabled, starting... @ http://localhost:3000/_next/static/chunks/21e7c_next_dist_c4f094b8._.js:2297
[     240ms] [LOG] [PostHog.js] Starting in debug mode {this: Zn, config: Object, thisC: Object, p: Object, s: Object} @ http://localhost:3000/_next/static/chunks/21e7c_next_dist_c4f094b8._.js:2297
[     254ms] [LOG] [PostHog.js] [SessionId] new session ID generated {sessionId: 019e3048-0fe3-771a-b775-7559911ae3ec, windowId: 019e3048-0fe3-771a-b775-755ae6e3601f, changeReason: Object} @ http://localhost:3000/_next/static/chunks/21e7c_next_dist_c4f094b8._.js:2297
[     256ms] [LOG] [PostHog.js] send "$set" {uuid: 019e3048-0fd6-7dc0-ba73-0c36388e9bd4, event: $set, properties: Object, $set_once: Object, timestamp: Sat May 16 2026 03:14:49 GMT-0700 (Pacific Daylight Time)} @ http://localhost:3000/_next/static/chunks/21e7c_next_dist_c4f094b8._.js:2297
[     265ms] [LOG] [PostHog.js] send "$pageview" {uuid: 019e3048-0fed-744c-9818-b4c0ba87c9ce, event: $pageview, properties: Object, timestamp: Sat May 16 2026 03:14:49 GMT-0700 (Pacific Daylight Time)} @ http://localhost:3000/_next/static/chunks/21e7c_next_dist_c4f094b8._.js:2297
[     824ms] [LOG] [PostHog.js] Persistence loaded sessionStorage {$sdk_debug_extensions_init_method: synchronous, $sdk_debug_extensions_init_time_ms: 2, $referrer: $direct, $referring_domain: $direct} @ http://localhost:3000/_next/static/chunks/21e7c_next_dist_c4f094b8._.js:2297
[     824ms] [LOG] [PostHog.js] set_config {config: Object, oldConfig: Object, newConfig: Object} @ http://localhost:3000/_next/static/chunks/21e7c_next_dist_c4f094b8._.js:2297
[     824ms] [LOG] [PostHog.js] [ExceptionAutocapture] enabled @ http://localhost:3000/_next/static/chunks/21e7c_next_dist_c4f094b8._.js:2297
[     825ms] [LOG] [PostHog.js] [SessionRecording] starting @ http://localhost:3000/_next/static/chunks/21e7c_next_dist_c4f094b8._.js:2297
[     825ms] [LOG] [PostHog.js] [Surveys] flags response received, isSurveysEnabled: false @ http://localhost:3000/_next/static/chunks/21e7c_next_dist_c4f094b8._.js:2297
[     825ms] [LOG] [PostHog.js] [Heatmaps] starting... @ http://localhost:3000/_next/static/chunks/21e7c_next_dist_c4f094b8._.js:2297
[     826ms] [LOG] [PostHog.js] [Web Vitals] enabled, starting... @ http://localhost:3000/_next/static/chunks/21e7c_next_dist_c4f094b8._.js:2297
[     826ms] [LOG] [PostHog.js] [ExceptionAutocapture] enabled @ http://localhost:3000/_next/static/chunks/21e7c_next_dist_c4f094b8._.js:2297
[     932ms] [LOG] [PostHog.js] [Surveys] Surveys loaded successfully @ http://localhost:3000/_next/static/chunks/21e7c_next_dist_c4f094b8._.js:2297
[    1040ms] [LOG] [PostHog.js] [Dead Clicks] starting... @ http://localhost:3000/_next/static/chunks/21e7c_next_dist_c4f094b8._.js:2297
[    1040ms] [LOG] [PostHog.js] [Dead Clicks] starting... @ http://localhost:3000/_next/static/chunks/21e7c_next_dist_c4f094b8._.js:2297
[    3070ms] [LOG] [PostHog.js] send "$snapshot" {uuid: 019e3048-1ae2-7ce5-be8a-3c7fc8452cee, event: $snapshot, properties: Object, timestamp: Sat May 16 2026 03:14:52 GMT-0700 (Pacific Daylight Time)} @ http://localhost:3000/_next/static/chunks/21e7c_next_dist_c4f094b8._.js:2297
[    4084ms] [LOG] [PostHog.js] send "$dead_click" {uuid: 019e3048-1ed6-7658-8168-b8efca893791, event: $dead_click, properties: Object, timestamp: Sat May 16 2026 03:14:50 GMT-0700 (Pacific Daylight Time)} @ http://localhost:3000/_next/static/chunks/21e7c_next_dist_c4f094b8._.js:2297
[    5827ms] [LOG] [PostHog.js] send "$$heatmap" {uuid: 019e3048-25a7-7fe8-83ae-dbbf292b3290, event: $$heatmap, properties: Object, timestamp: Sat May 16 2026 03:14:55 GMT-0700 (Pacific Daylight Time)} @ http://localhost:3000/_next/static/chunks/21e7c_next_dist_c4f094b8._.js:2297
[    6837ms] [LOG] [PostHog.js] send "$web_vitals" {uuid: 019e3048-2999-78e1-9bfa-8c11d5395c8e, event: $web_vitals, properties: Object, timestamp: Sat May 16 2026 03:14:56 GMT-0700 (Pacific Daylight Time)} @ http://localhost:3000/_next/static/chunks/21e7c_next_dist_c4f094b8._.js:2297
[   32864ms] [LOG] [Fast Refresh] rebuilding @ http://localhost:3000/_next/static/chunks/21e7c_next_dist_c4f094b8._.js:2297
[   32891ms] [LOG] [Fast Refresh] done in 27ms @ http://localhost:3000/_next/static/chunks/21e7c_next_dist_c4f094b8._.js:2297
[   34841ms] [LOG] [PostHog.js] send "$snapshot" {uuid: 019e3048-96fd-7240-bb98-80cba58cdb41, event: $snapshot, properties: Object, timestamp: Sat May 16 2026 03:15:24 GMT-0700 (Pacific Daylight Time)} @ http://localhost:3000/_next/static/chunks/21e7c_next_dist_c4f094b8._.js:2297
