[      30ms] [LOG] [PostHog.js] send "$$heatmap" {uuid: 019e3048-fb88-7279-8acd-77ddf42770db, event: $$heatmap, properties: Object, timestamp: Sat May 16 2026 03:15:49 GMT-0700 (Pacific Daylight Time)} @ http://localhost:3000/_next/static/chunks/21e7c_next_dist_c4f094b8._.js:2297
[     165ms] [LOG] [PostHog.js] send "$pageleave" {uuid: 019e3048-fc0f-757a-931d-37b1ac8711c4, event: $pageleave, properties: Object, timestamp: Sat May 16 2026 03:15:50 GMT-0700 (Pacific Daylight Time)} @ http://localhost:3000/_next/static/chunks/21e7c_next_dist_c4f094b8._.js:2297
[     219ms] [INFO] %cDownload the React DevTools for a better development experience: https://react.dev/link/react-devtools font-weight:bold @ http://localhost:3000/_next/static/chunks/21e7c_next_dist_c4f094b8._.js:2297
[     224ms] [WARNING] %c%s%c ⚠ metadataBase property in metadata export is not set for resolving social open graph or twitter images, using "http://localhost:3000". See https://nextjs.org/docs/app/api-reference/functions/generate-metadata#metadatabase background: #e6e6e6;background: light-dark(rgba(0,0,0,0.1), rgba(255,255,255,0.25));color: #000000;color: light-dark(#000000, #ffffff);border-radius: 2px  Server   @ http://localhost:3000/_next/static/chunks/21e7c_next_dist_c4f094b8._.js:2297
[     229ms] [LOG] [HMR] connected @ http://localhost:3000/_next/static/chunks/21e7c_next_dist_c4f094b8._.js:2297
[     239ms] [LOG] [PostHog.js] set_config {config: Object, oldConfig: Object, newConfig: Object} @ http://localhost:3000/_next/static/chunks/21e7c_next_dist_c4f094b8._.js:2297
[     239ms] [LOG] [PostHog.js] Persistence loaded localStorage+cookie {$device_id: 019e3048-0fd5-73ae-8c21-7da28eb5cd26, distinct_id: 019e3048-0fd5-73ae-8c21-7da28eb5cd26, $sesid: Array(3), $epp: true, $initial_person_info: Object} @ http://localhost:3000/_next/static/chunks/21e7c_next_dist_c4f094b8._.js:2297
[     240ms] [LOG] [PostHog.js] Persistence loaded sessionStorage {$sdk_debug_extensions_init_method: synchronous, $sdk_debug_extensions_init_time_ms: 1, $referrer: $direct, $referring_domain: $direct, $sdk_debug_replay_remote_trigger_matching_config: null} @ http://localhost:3000/_next/static/chunks/21e7c_next_dist_c4f094b8._.js:2297
[     240ms] [LOG] [PostHog.js] Initializing extensions synchronously @ http://localhost:3000/_next/static/chunks/21e7c_next_dist_c4f094b8._.js:2297
[     240ms] [LOG] [PostHog.js] [Web Vitals] enabled, starting... @ http://localhost:3000/_next/static/chunks/21e7c_next_dist_c4f094b8._.js:2297
[     240ms] [LOG] [PostHog.js] [ExceptionAutocapture] enabled @ http://localhost:3000/_next/static/chunks/21e7c_next_dist_c4f094b8._.js:2297
[     241ms] [LOG] [PostHog.js] History API monitoring enabled, starting... @ http://localhost:3000/_next/static/chunks/21e7c_next_dist_c4f094b8._.js:2297
[     241ms] [LOG] [PostHog.js] [SessionRecording] starting @ http://localhost:3000/_next/static/chunks/21e7c_next_dist_c4f094b8._.js:2297
[     241ms] [LOG] [PostHog.js] [Heatmaps] starting... @ http://localhost:3000/_next/static/chunks/21e7c_next_dist_c4f094b8._.js:2297
[     242ms] [LOG] [PostHog.js] Starting in debug mode {this: Zn, config: Object, thisC: Object, p: Object, s: Object} @ http://localhost:3000/_next/static/chunks/21e7c_next_dist_c4f094b8._.js:2297
[     243ms] [LOG] [PostHog.js] send "$set" {uuid: 019e3048-fc5d-776d-ac8f-94e80c98f1b3, event: $set, properties: Object, $set_once: Object, timestamp: Sat May 16 2026 03:15:50 GMT-0700 (Pacific Daylight Time)} @ http://localhost:3000/_next/static/chunks/21e7c_next_dist_c4f094b8._.js:2297
[     249ms] [LOG] [PostHog.js] [Dead Clicks] starting... @ http://localhost:3000/_next/static/chunks/21e7c_next_dist_c4f094b8._.js:2297
[     264ms] [LOG] [PostHog.js] [Dead Clicks] starting... @ http://localhost:3000/_next/static/chunks/21e7c_next_dist_c4f094b8._.js:2297
[     264ms] [LOG] [PostHog.js] Persistence loaded sessionStorage {$sdk_debug_extensions_init_method: synchronous, $sdk_debug_extensions_init_time_ms: 1, $referrer: $direct, $referring_domain: $direct, $sdk_debug_replay_remote_trigger_matching_config: null} @ http://localhost:3000/_next/static/chunks/21e7c_next_dist_c4f094b8._.js:2297
[     265ms] [LOG] [PostHog.js] set_config {config: Object, oldConfig: Object, newConfig: Object} @ http://localhost:3000/_next/static/chunks/21e7c_next_dist_c4f094b8._.js:2297
[     265ms] [LOG] [PostHog.js] [ExceptionAutocapture] enabled @ http://localhost:3000/_next/static/chunks/21e7c_next_dist_c4f094b8._.js:2297
[     265ms] [LOG] [PostHog.js] [Surveys] flags response received, isSurveysEnabled: false @ http://localhost:3000/_next/static/chunks/21e7c_next_dist_c4f094b8._.js:2297
[     265ms] [LOG] [PostHog.js] [Web Vitals] enabled, starting... @ http://localhost:3000/_next/static/chunks/21e7c_next_dist_c4f094b8._.js:2297
[     265ms] [LOG] [PostHog.js] [ExceptionAutocapture] enabled @ http://localhost:3000/_next/static/chunks/21e7c_next_dist_c4f094b8._.js:2297
[     271ms] [LOG] [PostHog.js] send "$pageview" {uuid: 019e3048-fc79-7395-9fd5-c6b23cde34e9, event: $pageview, properties: Object, timestamp: Sat May 16 2026 03:15:50 GMT-0700 (Pacific Daylight Time)} @ http://localhost:3000/_next/static/chunks/21e7c_next_dist_c4f094b8._.js:2297
[     415ms] [LOG] [PostHog.js] [Surveys] Surveys loaded successfully @ http://localhost:3000/_next/static/chunks/21e7c_next_dist_c4f094b8._.js:2297
[    2275ms] [LOG] [PostHog.js] send "$snapshot" {uuid: 019e3049-044d-7269-ad5e-ceb251bdae80, event: $snapshot, properties: Object, timestamp: Sat May 16 2026 03:15:52 GMT-0700 (Pacific Daylight Time)} @ http://localhost:3000/_next/static/chunks/21e7c_next_dist_c4f094b8._.js:2297
[    5244ms] [LOG] [PostHog.js] send "$$heatmap" {uuid: 019e3049-0fe6-7a8e-8f7a-29fac7e4e37c, event: $$heatmap, properties: Object, timestamp: Sat May 16 2026 03:15:55 GMT-0700 (Pacific Daylight Time)} @ http://localhost:3000/_next/static/chunks/21e7c_next_dist_c4f094b8._.js:2297
[    5428ms] [LOG] [PostHog.js] send "$web_vitals" {uuid: 019e3049-109d-73b5-ac70-bf4218eb7942, event: $web_vitals, properties: Object, timestamp: Sat May 16 2026 03:15:55 GMT-0700 (Pacific Daylight Time)} @ http://localhost:3000/_next/static/chunks/21e7c_next_dist_c4f094b8._.js:2297
[    6517ms] [LOG] [PostHog.js] send "$snapshot" {uuid: 019e3049-14df-7b6e-8270-e860603c0408, event: $snapshot, properties: Object, timestamp: Sat May 16 2026 03:15:56 GMT-0700 (Pacific Daylight Time)} @ http://localhost:3000/_next/static/chunks/21e7c_next_dist_c4f094b8._.js:2297
[   10244ms] [LOG] [PostHog.js] send "$$heatmap" {uuid: 019e3049-236d-7d75-a682-144861fc7d1e, event: $$heatmap, properties: Object, timestamp: Sat May 16 2026 03:16:00 GMT-0700 (Pacific Daylight Time)} @ http://localhost:3000/_next/static/chunks/21e7c_next_dist_c4f094b8._.js:2297
[   15955ms] [LOG] [PostHog.js] send "$snapshot" {uuid: 019e3049-39bd-7151-a896-a8c793c2b636, event: $snapshot, properties: Object, timestamp: Sat May 16 2026 03:16:05 GMT-0700 (Pacific Daylight Time)} @ http://localhost:3000/_next/static/chunks/21e7c_next_dist_c4f094b8._.js:2297
