[     170ms] [LOG] [PostHog.js] send "$pageleave" {uuid: 019e3048-a17e-7c0b-9398-16a03ec2dbe3, event: $pageleave, properties: Object, timestamp: Sat May 16 2026 03:15:26 GMT-0700 (Pacific Daylight Time)} @ http://localhost:3000/_next/static/chunks/21e7c_next_dist_c4f094b8._.js:2297
[     229ms] [INFO] %cDownload the React DevTools for a better development experience: https://react.dev/link/react-devtools font-weight:bold @ http://localhost:3000/_next/static/chunks/21e7c_next_dist_c4f094b8._.js:2297
[     236ms] [WARNING] %c%s%c ⚠ metadataBase property in metadata export is not set for resolving social open graph or twitter images, using "http://localhost:3000". See https://nextjs.org/docs/app/api-reference/functions/generate-metadata#metadatabase background: #e6e6e6;background: light-dark(rgba(0,0,0,0.1), rgba(255,255,255,0.25));color: #000000;color: light-dark(#000000, #ffffff);border-radius: 2px  Server   @ http://localhost:3000/_next/static/chunks/21e7c_next_dist_c4f094b8._.js:2297
[     240ms] [LOG] [HMR] connected @ http://localhost:3000/_next/static/chunks/21e7c_next_dist_c4f094b8._.js:2297
[     250ms] [LOG] [PostHog.js] set_config {config: Object, oldConfig: Object, newConfig: Object} @ http://localhost:3000/_next/static/chunks/21e7c_next_dist_c4f094b8._.js:2297
[     251ms] [LOG] [PostHog.js] Persistence loaded localStorage+cookie {$device_id: 019e3048-0fd5-73ae-8c21-7da28eb5cd26, distinct_id: 019e3048-0fd5-73ae-8c21-7da28eb5cd26, $sesid: Array(3), $epp: true, $initial_person_info: Object} @ http://localhost:3000/_next/static/chunks/21e7c_next_dist_c4f094b8._.js:2297
[     251ms] [LOG] [PostHog.js] Persistence loaded sessionStorage {$sdk_debug_extensions_init_method: synchronous, $sdk_debug_extensions_init_time_ms: 2, $referrer: $direct, $referring_domain: $direct, $sdk_debug_replay_remote_trigger_matching_config: null} @ http://localhost:3000/_next/static/chunks/21e7c_next_dist_c4f094b8._.js:2297
[     251ms] [LOG] [PostHog.js] Initializing extensions synchronously @ http://localhost:3000/_next/static/chunks/21e7c_next_dist_c4f094b8._.js:2297
[     252ms] [LOG] [PostHog.js] [Web Vitals] enabled, starting... @ http://localhost:3000/_next/static/chunks/21e7c_next_dist_c4f094b8._.js:2297
[     252ms] [LOG] [PostHog.js] [ExceptionAutocapture] enabled @ http://localhost:3000/_next/static/chunks/21e7c_next_dist_c4f094b8._.js:2297
[     252ms] [LOG] [PostHog.js] History API monitoring enabled, starting... @ http://localhost:3000/_next/static/chunks/21e7c_next_dist_c4f094b8._.js:2297
[     252ms] [LOG] [PostHog.js] [SessionRecording] starting @ http://localhost:3000/_next/static/chunks/21e7c_next_dist_c4f094b8._.js:2297
[     252ms] [LOG] [PostHog.js] [Heatmaps] starting... @ http://localhost:3000/_next/static/chunks/21e7c_next_dist_c4f094b8._.js:2297
[     254ms] [LOG] [PostHog.js] Starting in debug mode {this: Zn, config: Object, thisC: Object, p: Object, s: Object} @ http://localhost:3000/_next/static/chunks/21e7c_next_dist_c4f094b8._.js:2297
[     255ms] [LOG] [PostHog.js] send "$set" {uuid: 019e3048-a1d3-7979-ab80-3ff7e144273e, event: $set, properties: Object, $set_once: Object, timestamp: Sat May 16 2026 03:15:26 GMT-0700 (Pacific Daylight Time)} @ http://localhost:3000/_next/static/chunks/21e7c_next_dist_c4f094b8._.js:2297
[     262ms] [LOG] [PostHog.js] [Dead Clicks] starting... @ http://localhost:3000/_next/static/chunks/21e7c_next_dist_c4f094b8._.js:2297
[     280ms] [LOG] [PostHog.js] [Dead Clicks] starting... @ http://localhost:3000/_next/static/chunks/21e7c_next_dist_c4f094b8._.js:2297
[     280ms] [LOG] [PostHog.js] Persistence loaded sessionStorage {$sdk_debug_extensions_init_method: synchronous, $sdk_debug_extensions_init_time_ms: 1, $referrer: $direct, $referring_domain: $direct, $sdk_debug_replay_remote_trigger_matching_config: null} @ http://localhost:3000/_next/static/chunks/21e7c_next_dist_c4f094b8._.js:2297
[     281ms] [LOG] [PostHog.js] set_config {config: Object, oldConfig: Object, newConfig: Object} @ http://localhost:3000/_next/static/chunks/21e7c_next_dist_c4f094b8._.js:2297
[     281ms] [LOG] [PostHog.js] [ExceptionAutocapture] enabled @ http://localhost:3000/_next/static/chunks/21e7c_next_dist_c4f094b8._.js:2297
[     281ms] [LOG] [PostHog.js] [Surveys] flags response received, isSurveysEnabled: false @ http://localhost:3000/_next/static/chunks/21e7c_next_dist_c4f094b8._.js:2297
[     282ms] [LOG] [PostHog.js] [ExceptionAutocapture] enabled @ http://localhost:3000/_next/static/chunks/21e7c_next_dist_c4f094b8._.js:2297
[     287ms] [LOG] [PostHog.js] send "$pageview" {uuid: 019e3048-a1f3-7293-a802-c1f4fc1fb668, event: $pageview, properties: Object, timestamp: Sat May 16 2026 03:15:26 GMT-0700 (Pacific Daylight Time)} @ http://localhost:3000/_next/static/chunks/21e7c_next_dist_c4f094b8._.js:2297
[     289ms] [LOG] [PostHog.js] [Surveys] Surveys loaded successfully @ http://localhost:3000/_next/static/chunks/21e7c_next_dist_c4f094b8._.js:2297
[    2292ms] [LOG] [PostHog.js] send "$snapshot" {uuid: 019e3048-a9c8-7e1a-99a5-12c0698de807, event: $snapshot, properties: Object, timestamp: Sat May 16 2026 03:15:28 GMT-0700 (Pacific Daylight Time)} @ http://localhost:3000/_next/static/chunks/21e7c_next_dist_c4f094b8._.js:2297
[    5286ms] [LOG] [PostHog.js] send "$web_vitals" {uuid: 019e3048-b579-7d34-8a84-cc9b7c6b5e2b, event: $web_vitals, properties: Object, timestamp: Sat May 16 2026 03:15:31 GMT-0700 (Pacific Daylight Time)} @ http://localhost:3000/_next/static/chunks/21e7c_next_dist_c4f094b8._.js:2297
[    7924ms] [LOG] [PostHog.js] send "$snapshot" {uuid: 019e3048-bfc8-7572-99a8-119a3fbad866, event: $snapshot, properties: Object, timestamp: Sat May 16 2026 03:15:34 GMT-0700 (Pacific Daylight Time)} @ http://localhost:3000/_next/static/chunks/21e7c_next_dist_c4f094b8._.js:2297
[   10256ms] [LOG] [PostHog.js] send "$$heatmap" {uuid: 019e3048-c8e3-7873-8a6c-176bda7c084a, event: $$heatmap, properties: Object, timestamp: Sat May 16 2026 03:15:36 GMT-0700 (Pacific Daylight Time)} @ http://localhost:3000/_next/static/chunks/21e7c_next_dist_c4f094b8._.js:2297
[   10587ms] [LOG] [PostHog.js] send "$snapshot" {uuid: 019e3048-ca2f-795d-b849-38f0cfec8d14, event: $snapshot, properties: Object, timestamp: Sat May 16 2026 03:15:37 GMT-0700 (Pacific Daylight Time)} @ http://localhost:3000/_next/static/chunks/21e7c_next_dist_c4f094b8._.js:2297
[   11285ms] [LOG] [PostHog.js] send "$web_vitals" {uuid: 019e3048-cce9-7313-b66c-0c9a23fbdcf7, event: $web_vitals, properties: Object, timestamp: Sat May 16 2026 03:15:37 GMT-0700 (Pacific Daylight Time)} @ http://localhost:3000/_next/static/chunks/21e7c_next_dist_c4f094b8._.js:2297
[   19182ms] [LOG] [Fast Refresh] rebuilding @ http://localhost:3000/_next/static/chunks/21e7c_next_dist_c4f094b8._.js:2297
[   19211ms] [LOG] [Fast Refresh] done in 29ms @ http://localhost:3000/_next/static/chunks/21e7c_next_dist_c4f094b8._.js:2297
[   21156ms] [LOG] [PostHog.js] send "$snapshot" {uuid: 019e3048-f378-7725-8ba0-a1d29984f479, event: $snapshot, properties: Object, timestamp: Sat May 16 2026 03:15:47 GMT-0700 (Pacific Daylight Time)} @ http://localhost:3000/_next/static/chunks/21e7c_next_dist_c4f094b8._.js:2297
